src/hooks/useCustomersWithAI.ts(481,7): error TS2783: 'hiddenOpportunities' is specified more than once, so this usage will be overwritten.
src/hooks/useCustomersWithAI.ts(482,7): error TS2783: 'productRecommendations' is specified more than once, so this usage will be overwritten.
src/hooks/useCustomersWithAI.ts(483,7): error TS2783: 'communicationHistory' is specified more than once, so this usage will be overwritten.
src/hooks/useCustomersWithAI.ts(484,7): error TS2783: 'contacts' is specified more than once, so this usage will be overwritten.
src/hooks/useCustomersWithAI.ts(485,7): error TS2783: 'aiInsights' is specified more than once, so this usage will be overwritten.
src/pages/ContactsPage.tsx(862,5): error TS2304: Cannot find name 'toast'.
src/pages/CustomersPage.tsx(213,26): error TS6133: 'getCreditByCustomerId' is declared but its value is never read.
